// Vitest Snapshot v1, https://vitest.dev/guide/snapshot.html

exports[`Tests in <GifExpertApp /> > should match with snapshot 1`] = `
<div>
  <h1>
    GifExpertApp
  </h1>
  <form
    aria-label="form"
  >
    <input
      placeholder="Search gifs"
      type="text"
      value=""
    />
  </form>
</div>
`;
